[BUILD] ===== Android Python 解释器构建系统 =====
[BUILD] Python 版本: 3.11.8
[BUILD] NDK: /data/android-ndk-r26c
[BUILD] 目标架构: arm64-v8a armeabi-v7a x86_64 x86
[BUILD] 下载依赖库源码...
--2026-09-08 03:11:25--  https://www.python.org/ftp/python/3.11.8/Python-3.11.8.tgz
Resolving www.python.org (www.python.org)... 151.101.64.223, 151.101.0.223, 151.101.128.223, ...
Connecting to www.python.org (www.python.org)|151.101.64.223|:443... connected.
HTTP request sent, awaiting response... 200 OK
Length: 26477136 (25M) [application/octet-stream]
Saving to: 'Python-3.11.8.tgz'

     0K .......... .......... .......... .......... ..........  0% 99.9K 4m18s
    50K .......... .......... .......... .......... ..........  0%  109K 4m7s
   100K .......... .......... .......... .......... ..........  0%  131K 3m50s
   150K .......... .......... .......... .......... ..........  0%  123K 3m44s
   200K .......... .......... .......... .......... ..........  0% 95.1K 3m53s
   250K .......... .......... .......... .......... ..........  1% 97.6K 3m57s
   300K .......... .......... .......... .......... ..........  1% 40.8K 4m52s
   350K .......... .......... .......... .......... ..........  1% 42.3K 5m30s
   400K .......... .......... .......... .......... ..........  1% 25.3K 6m45s
   450K .......... .......... .......... .......... ..........  1% 34.6K 7m17s
   500K .......... .......... .......... .......... ..........  2% 30.1K 7m53s
   550K .......... .......... .......... .......... ..........  2% 41.3K 8m4s
   600K .......... .......... .......... .......... ..........  2% 48.4K 8m6s
   650K .......... .......... .......... .......... ..........  2% 48.6K 8m7s
   700K .......... .......... .......... .......... ..........  2% 52.0K 8m6s
   750K .......... .......... .......... .......... ..........  3% 45.6K 8m9s
   800K .......... .......... .......... .......... ..........  3% 41.3K 8m15s
   850K .......... .......... .......... .......... ..........  3% 27.3K 8m37s
   900K .......... .......... .......... .......... ..........  3% 34.8K 8m47s
   950K .......... .......... .......... .......... ..........  3% 52.3K 8m43s
  1000K .......... .......... .......... .......... ..........  4% 56.7K 8m38s
  1050K .......... .......... .......... .......... ..........  4% 46.7K 8m37s
  1100K .......... .......... .......... .......... ..........  4% 52.9K 8m34s
  1150K .......... .......... .......... .......... ..........  4% 49.4K 8m33s
  1200K .......... .......... .......... .......... ..........  4% 52.4K 8m30s
  1250K .......... .......... .......... .......... ..........  5% 33.7K 8m37s
  1300K .......... .......... .......... .......... ..........  5% 29.3K 8m48s
  1350K .......... .......... .......... .......... ..........  5% 34.5K 8m54s
  1400K .......... .......... .......... .......... ..........  5% 35.2K 8m58s
  1450K .......... .......... .......... .......... ..........  5% 44.7K 8m57s
  1500K .......... .......... .......... .......... ..........  5% 24.6K 9m11s
  1550K .......... .......... .......... .......... ..........  6% 39.4K 9m12s
  1600K .......... .......... .......... .......... ..........  6% 46.1K 9m10s
  1650K .......... .......... .......... .......... ..........  6% 49.0K 9m7s
  1700K .......... .......... .......... .......... ..........  6% 71.2K 9m0s
  1750K .......... .......... .......... .......... ..........  6% 69.2K 8m53s
  1800K .......... .......... .......... .......... ..........  7% 41.9K 8m53s
  1850K .......... .......... .......... .......... ..........  7% 43.8K 8m53s
  1900K .......... .......... .......... .......... ..........  7% 33.3K 8m56s
  1950K .......... .......... .......... .......... ..........  7% 48.7K 8m54s
  2000K .......... .......... .......... .......... ..........  7% 51.0K 8m51s
  2050K .......... .......... .......... .......... ..........  8% 59.5K 8m47s
  2100K .......... .......... .......... .......... ..........  8% 63.3K 8m43s
  2150K .......... .......... .......... .......... ..........  8% 37.5K 8m44s
  2200K .......... .......... .......... .......... ..........  8% 28.5K 8m50s
  2250K .......... .......... .......... .......... ..........  8% 39.2K 8m50s
  2300K .......... .......... .......... .......... ..........  9% 25.9K 8m57s
  2350K .......... .......... .......... .......... ..........  9% 38.7K 8m57s
  2400K .......... .......... .......... .......... ..........  9% 50.6K 8m55s
  2450K .......... .......... .......... .......... ..........  9% 64.9K 8m50s
  2500K .......... .......... .......... .......... ..........  9% 63.8K 8m46s
  2550K .......... .......... .......... .......... .......... 10% 64.2K 8m41s
  2600K .......... .......... .......... .......... .......... 10% 48.8K 8m40s
  2650K .......... .......... .......... .......... .......... 10% 61.5K 8m36s
  2700K .......... .......... .......... .......... .......... 10% 31.5K 8m39s
  2750K .......... .......... .......... .......... .......... 10% 62.1K 8m35s
  2800K .......... .......... .......... .......... .......... 11% 50.2K 8m33s
  2850K .......... .......... .......... .......... .......... 11% 44.6K 8m32s
  2900K .......... .......... .......... .......... .......... 11% 56.4K 8m29s
  2950K .......... .......... .......... .......... .......... 11% 47.5K 8m27s
  3000K .......... .......... .......... .......... .......... 11% 58.0K 8m24s
  3050K .......... .......... .......... .......... .......... 11% 43.6K 8m24s
  3100K .......... .......... .......... .......... .......... 12% 26.2K 8m28s
  3150K .......... .......... .......... .......... .......... 12% 35.1K 8m29s
  3200K .......... .......... .......... .......... .......... 12% 31.1K 8m31s
  3250K .......... .......... .......... .......... .......... 12% 46.9K 8m30s
  3300K .......... .......... .......... .......... .......... 12% 32.8K 8m31s
  3350K .......... .......... .......... .......... .......... 13% 25.5K 8m36s
  3400K .......... .......... .......... .......... .......... 13% 35.0K 8m36s
  3450K .......... .......... .......... .......... .......... 13% 37.0K 8m37s
  3500K .......... .......... .......... .......... .......... 13% 24.6K 8m41s
  3550K .......... .......... .......... .......... .......... 13% 51.2K 8m39s
  3600K .......... .......... .......... .......... .......... 14% 44.2K 8m37s
  3650K .......... .......... .......... .......... .......... 14% 26.6K 8m40s
  3700K .......... .......... .......... .......... .......... 14% 16.8K 8m50s
  3750K .......... .......... .......... .......... .......... 14% 32.5K 8m51s
  3800K .......... .......... .......... .......... .......... 14% 38.9K 8m50s
  3850K .......... .......... .......... .......... .......... 15% 39.2K 8m49s
  3900K .......... .......... .......... .......... .......... 15% 34.0K 8m49s
  3950K .......... .......... .......... .......... .......... 15% 37.2K 8m49s
  4000K .......... .......... .......... .......... .......... 15% 29.8K 8m50s
  4050K .......... .......... .......... .......... .......... 15% 30.4K 8m51s
  4100K .......... .......... .......... .......... .......... 16% 31.9K 8m52s
  4150K .......... .......... .......... .......... .......... 16% 24.3K 8m55s
  4200K .......... .......... .......... .......... .......... 16% 17.9K 9m2s
  4250K .......... .......... .......... .......... .......... 16% 26.3K 9m4s
  4300K .......... .......... .......... .......... .......... 16% 20.1K 9m8s
  4350K .......... .......... .......... .......... .......... 17% 27.4K 9m10s
  4400K .......... .......... .......... .......... .......... 17% 28.8K 9m11s
  4450K .......... .......... .......... .......... .......... 17% 27.9K 9m12s
  4500K .......... .......... .......... .......... .......... 17% 48.2K 9m9s
  4550K .......... .......... .......... .......... .......... 17% 46.8K 9m7s
  4600K .......... .......... .......... .......... .......... 17% 40.7K 9m5s
  4650K .......... .......... .......... .......... .......... 18% 18.7K 9m10s
  4700K .......... .......... .......... .......... .......... 18% 18.1K 9m16s
  4750K .......... .......... .......... .......... .......... 18% 23.0K 9m18s
  4800K .......... .......... .......... .......... .......... 18% 25.7K 9m19s
  4850K .......... .......... .......... .......... .......... 18% 28.0K 9m20s
  4900K .......... .......... .......... .......... .......... 19% 38.8K 9m18s
  4950K .......... .......... .......... .......... .......... 19% 49.7K 9m16s
  5000K .......... .......... .......... .......... .......... 19% 42.5K 9m14s
  5050K .......... .......... .......... .......... .......... 19% 39.0K 9m12s
  5100K .......... .......... .......... .......... .......... 19% 32.6K 9m12s
  5150K .......... .......... .......... .......... .......... 20% 46.6K 9m9s
  5200K .......... .......... .......... .......... .......... 20% 52.9K 9m6s
  5250K .......... .......... .......... .......... .......... 20% 54.2K 9m4s
  5300K .......... .......... .......... .......... .......... 20% 40.6K 9m2s
  5350K .......... .......... .......... .......... .......... 20% 41.4K 9m0s
  5400K .......... .......... .......... .......... .......... 21% 63.5K 8m57s
  5450K .......... .......... .......... .......... .......... 21% 51.0K 8m54s
  5500K .......... .......... .......... .......... .......... 21% 50.1K 8m52s
  5550K .......... .......... .......... .......... .......... 21% 53.8K 8m49s
  5600K .......... .......... .......... .......... .......... 21% 76.7K 8m46s
  5650K .......... .......... .......... .......... .......... 22% 79.2K 8m42s
  5700K .......... .......... .......... .......... .......... 22% 67.2K 8m39s
  5750K .......... .......... .......... .......... .......... 22% 48.3K 8m36s
  5800K .......... .......... .......... .......... .......... 22% 56.6K 8m34s
  5850K .......... .......... .......... .......... .......... 22% 65.6K 8m31s
  5900K .......... .......... .......... .......... .......... 23% 46.0K 8m29s
  5950K .......... .......... .......... .......... .......... 23% 49.6K 8m27s
  6000K .......... .......... .......... .......... .......... 23% 46.6K 8m25s
  6050K .......... .......... .......... .......... .......... 23% 47.4K 8m23s
  6100K .......... .......... .......... .......... .......... 23% 55.2K 8m20s
  6150K .......... .......... .......... .......... .......... 23% 65.7K 8m17s
  6200K .......... .......... .......... .......... .......... 24% 65.6K 8m15s
  6250K .......... .......... .......... .......... .......... 24% 50.4K 8m12s
  6300K .......... .......... .......... .......... .......... 24% 34.1K 8m12s
  6350K .......... .......... .......... .......... .......... 24% 37.2K 8m11s
  6400K .......... .......... .......... .......... .......... 24% 26.1K 8m12s
  6450K .......... .......... .......... .......... .......... 25% 39.2K 8m10s
  6500K .......... .......... .......... .......... .......... 25% 47.0K 8m8s
  6550K .......... .......... .......... .......... .......... 25% 49.8K 8m6s
  6600K .......... .......... .......... .......... .......... 25% 49.3K 8m4s
  6650K .......... .......... .......... .......... .......... 25% 55.3K 8m2s
  6700K .......... .......... .......... .......... .......... 26% 27.2K 8m3s
  6750K .......... .......... .......... .......... .......... 26% 24.1K 8m4s
  6800K .......... .......... .......... .......... .......... 26% 27.8K 8m4s
  6850K .......... .......... .......... .......... .......... 26% 28.7K 8m4s
  6900K .......... .......... .......... .......... .......... 26% 39.3K 8m2s
  6950K .......... .......... .......... .......... .......... 27% 59.2K 8m0s
  7000K .......... .......... .......... .......... .......... 27% 58.7K 7m58s
  7050K .......... .......... .......... .......... .......... 27% 53.0K 7m55s
  7100K .......... .......... .......... .......... .......... 27% 38.9K 7m54s
  7150K .......... .......... .......... .......... .......... 27% 61.8K 7m52s
  7200K .......... .......... .......... .......... .......... 28% 42.3K 7m50s
  7250K .......... .......... .......... .......... .......... 28% 38.0K 7m49s
  7300K .......... .......... .......... .......... .......... 28% 42.8K 7m48s
  7350K .......... .......... .......... .......... .......... 28% 48.4K 7m46s
  7400K .......... .......... .......... .......... .......... 28% 47.6K 7m44s
  7450K .......... .......... .......... .......... .......... 29% 37.4K 7m43s
  7500K .......... .......... .......... .......... .......... 29% 25.5K 7m43s
  7550K .......... .......... .......... .......... .......... 29% 28.2K 7m43s
  7600K .......... .......... .......... .......... .......... 29% 42.0K 7m42s
  7650K .......... .......... .......... .......... .......... 29% 37.3K 7m41s
  7700K .......... .......... .......... .......... .......... 29% 42.5K 7m39s
  7750K .......... .......... .......... .......... .......... 30% 54.2K 7m37s
  7800K .......... .......... .......... .......... .......... 30% 53.0K 7m35s
  7850K .......... .......... .......... .......... .......... 30% 60.6K 7m33s
  7900K .......... .......... .......... .......... .......... 30% 35.7K 7m32s
  7950K .......... .......... .......... .......... .......... 30% 40.1K 7m31s
  8000K .......... .......... .......... .......... .......... 31% 42.4K 7m29s
  8050K .......... .......... .......... .......... .......... 31% 39.5K 7m28s
  8100K .......... .......... .......... .......... .......... 31% 43.8K 7m27s
  8150K .......... .......... .......... .......... .......... 31% 51.0K 7m25s
  8200K .......... .......... .......... .......... .......... 31% 60.2K 7m23s
  8250K .......... .......... .......... .......... .......... 32% 57.8K 7m20s
  8300K .......... .......... .......... .......... .......... 32% 33.7K 7m20s
  8350K .......... .......... .......... .......... .......... 32% 30.6K 7m19s
  8400K .......... .......... .......... .......... .......... 32% 24.9K 7m19s
  8450K .......... .......... .......... .......... .......... 32% 28.2K 7m19s
  8500K .......... .......... .......... .......... .......... 33% 28.1K 7m19s
  8550K .......... .......... .......... .......... .......... 33% 23.2K 7m20s
  8600K .......... .......... .......... .......... .......... 33% 27.7K 7m19s
  8650K .......... .......... .......... .......... .......... 33% 38.6K 7m18s
  8700K .......... .......... .......... .......... .......... 33% 15.3K 7m21s
  8750K .......... .......... .......... .......... .......... 34% 38.5K 7m19s
  8800K .......... .......... .......... .......... .......... 34% 48.5K 7m18s
  8850K .......... .......... .......... .......... .......... 34% 43.8K 7m16s
  8900K .......... .......... .......... .......... .......... 34% 55.5K 7m14s
  8950K .......... .......... .......... .......... .......... 34% 60.6K 7m12s
  9000K .......... .......... .......... .......... .......... 35% 53.0K 7m10s
  9050K .......... .......... .......... .......... .......... 35% 66.0K 7m8s
  9100K .......... .......... .......... .......... .......... 35% 36.6K 7m7s
  9150K .......... .......... .......... .......... .......... 35% 46.8K 7m5s
  9200K .......... .......... .......... .......... .......... 35% 29.0K 7m5s
  9250K .......... .......... .......... .......... .......... 35% 26.3K 7m4s
  9300K .......... .......... .......... .......... .......... 36% 21.4K 7m5s
  9350K .......... .......... .......... .......... .......... 36% 22.7K 7m5s
  9400K .......... .......... .......... .......... .......... 36% 22.9K 7m6s
  9450K .......... .......... .......... .......... .......... 36% 28.1K 7m5s
  9500K .......... .......... .......... .......... .......... 36% 25.4K 7m5s
  9550K .......... .......... .......... .......... .......... 37% 25.2K 7m5s
  9600K .......... .......... .......... .......... .......... 37% 29.4K 7m4s
  9650K .......... .......... .......... .......... .......... 37% 30.6K 7m3s
  9700K .......... .......... .......... .......... .......... 37% 33.5K 7m2s
  9750K .......... .......... .......... .......... .......... 37% 40.0K 7m1s
  9800K .......... .......... .......... .......... .......... 38% 45.9K 6m59s
  9850K .......... .......... .......... .......... .......... 38% 39.7K 6m58s
  9900K .......... .......... .......... .......... .......... 38% 25.3K 6m58s
  9950K .......... .......... .......... .......... .......... 38% 36.3K 6m56s
 10000K .......... .......... .......... .......... .......... 38% 48.3K 6m55s
 10050K .......... .......... .......... .......... .......... 39% 44.0K 6m53s
 10100K .......... .......... .......... .......... .......... 39% 51.8K 6m51s
 10150K .......... .......... .......... .......... .......... 39% 25.7K 6m51s
 10200K .......... .......... .......... .......... .......... 39% 26.7K 6m50s
 10250K .......... .......... .......... .......... .......... 39% 35.5K 6m49s
 10300K .......... .......... .......... .......... .......... 40% 20.1K 6m50s
 10350K .......... .......... .......... .......... .......... 40% 25.7K 6m49s
 10400K .......... .......... .......... .......... .......... 40% 27.2K 6m49s
 10450K .......... .......... .......... .......... .......... 40% 29.9K 6m48s
 10500K .......... .......... .......... .......... .......... 40% 34.1K 6m47s
 10550K .......... .......... .......... .......... .......... 40% 32.9K 6m46s
 10600K .......... .......... .......... .......... .......... 41% 38.1K 6m44s
 10650K .......... .......... .......... .......... .......... 41% 41.1K 6m43s
 10700K .......... .......... .......... .......... .......... 41% 32.6K 6m42s
 10750K .......... .......... .......... .......... .......... 41% 42.4K 6m40s
 10800K .......... .......... .......... .......... .......... 41% 45.8K 6m39s
 10850K .......... .......... .......... .......... .......... 42% 44.0K 6m37s
 10900K .......... .......... .......... .......... .......... 42% 58.8K 6m35s
 10950K .......... .......... .......... .......... .......... 42% 53.6K 6m33s
 11000K .......... .......... .......... .......... .......... 42% 58.2K 6m31s
 11050K .......... .......... .......... .......... .......... 42% 61.3K 6m29s
 11100K .......... .......... .......... .......... .......... 43% 43.8K 6m28s
 11150K .......... .......... .......... .......... .......... 43% 42.0K 6m26s
 11200K .......... .......... .......... .......... .......... 43% 27.7K 6m26s
 11250K .......... .......... .......... .......... .......... 43% 44.4K 6m24s
 11300K .......... .......... .....